../Middlewares/ST/touchgfx/framework/include/touchgfx/hal/Types.hpp:78:5:touchgfx::colortype::colortype()	16	static
../Middlewares/ST/touchgfx/framework/include/touchgfx/hal/Types.hpp:91:5:touchgfx::colortype::colortype(uint32_t)	16	static
../Middlewares/ST/touchgfx/framework/include/touchgfx/hal/Types.hpp:127:5:touchgfx::Rect::Rect()	16	static
../Middlewares/ST/touchgfx/framework/include/touchgfx/hal/Types.hpp:140:5:touchgfx::Rect::Rect(int16_t, int16_t, int16_t, int16_t)	24	static
../Middlewares/ST/touchgfx/framework/include/touchgfx/Drawable.hpp:62:13:touchgfx::Drawable::~Drawable()	16	static
../Middlewares/ST/touchgfx/framework/include/touchgfx/Drawable.hpp:62:13:virtual touchgfx::Drawable::~Drawable()	16	static
../Middlewares/ST/touchgfx/framework/include/touchgfx/Drawable.hpp:121:18:virtual void touchgfx::Drawable::invalidateContent() const	16	static
../Middlewares/ST/touchgfx/framework/include/touchgfx/Drawable.hpp:147:23:virtual touchgfx::Drawable* touchgfx::Drawable::getFirstChild()	16	static
../Middlewares/ST/touchgfx/framework/include/touchgfx/Drawable.hpp:293:13:int16_t touchgfx::Drawable::getWidth() const	16	static
../Middlewares/ST/touchgfx/framework/include/touchgfx/Drawable.hpp:303:13:int16_t touchgfx::Drawable::getHeight() const	16	static
../Middlewares/ST/touchgfx/framework/include/touchgfx/Drawable.hpp:315:18:virtual void touchgfx::Drawable::setX(int16_t)	16	static
../Middlewares/ST/touchgfx/framework/include/touchgfx/Drawable.hpp:327:18:virtual void touchgfx::Drawable::setY(int16_t)	16	static
../Middlewares/ST/touchgfx/framework/include/touchgfx/Drawable.hpp:356:18:virtual void touchgfx::Drawable::setWidth(int16_t)	16	static
../Middlewares/ST/touchgfx/framework/include/touchgfx/Drawable.hpp:368:18:virtual void touchgfx::Drawable::setHeight(int16_t)	16	static
../Middlewares/ST/touchgfx/framework/include/touchgfx/Drawable.hpp:378:18:virtual void touchgfx::Drawable::childGeometryChanged()	16	static
../Middlewares/ST/touchgfx/framework/include/touchgfx/Drawable.hpp:389:18:virtual void touchgfx::Drawable::handleClickEvent(const touchgfx::ClickEvent&)	16	static
../Middlewares/ST/touchgfx/framework/include/touchgfx/Drawable.hpp:401:18:virtual void touchgfx::Drawable::handleGestureEvent(const touchgfx::GestureEvent&)	16	static
../Middlewares/ST/touchgfx/framework/include/touchgfx/Drawable.hpp:490:18:virtual void touchgfx::Drawable::handleDragEvent(const touchgfx::DragEvent&)	16	static
../Middlewares/ST/touchgfx/framework/include/touchgfx/Drawable.hpp:501:18:virtual void touchgfx::Drawable::handleTickEvent()	16	static
../Middlewares/ST/touchgfx/framework/include/touchgfx/Drawable.hpp:537:10:bool touchgfx::Drawable::isVisible() const	16	static
../Middlewares/ST/touchgfx/framework/include/touchgfx/Drawable.hpp:549:10:bool touchgfx::Drawable::isTouchable() const	16	static
../Middlewares/ST/touchgfx/framework/include/touchgfx/Drawable.hpp:588:18:virtual void touchgfx::Drawable::moveTo(int16_t, int16_t)	16	static
../Middlewares/ST/touchgfx/framework/include/touchgfx/Drawable.hpp:625:10:void touchgfx::Drawable::resetDrawChainCache()	16	static
../Middlewares/ST/touchgfx/framework/include/touchgfx/Drawable.hpp:703:18:virtual void touchgfx::Drawable::setupDrawChain(const touchgfx::Rect&, touchgfx::Drawable**)	24	static
../Middlewares/ST/touchgfx/framework/include/touchgfx/hal/HAL.hpp:101:13:touchgfx::HAL::~HAL()	16	static
../Middlewares/ST/touchgfx/framework/include/touchgfx/hal/HAL.hpp:101:13:virtual touchgfx::HAL::~HAL()	16	static
../Middlewares/ST/touchgfx/framework/include/touchgfx/hal/HAL.hpp:110:17:static touchgfx::HAL* touchgfx::HAL::getInstance()	4	static
../Middlewares/ST/touchgfx/framework/include/touchgfx/hal/HAL.hpp:124:18:virtual void touchgfx::HAL::setDisplayOrientation(touchgfx::DisplayOrientation)	16	static
../Middlewares/ST/touchgfx/framework/include/touchgfx/hal/HAL.hpp:156:18:virtual void touchgfx::HAL::setFrameBufferSize(uint16_t, uint16_t)	16	static
../Middlewares/ST/touchgfx/framework/include/touchgfx/hal/HAL.hpp:209:10:void touchgfx::HAL::frontPorchEntered()	16	static
../Middlewares/ST/touchgfx/framework/include/touchgfx/hal/HAL.hpp:268:17:static touchgfx::LCD& touchgfx::HAL::lcd()	4	static
../Middlewares/ST/touchgfx/framework/include/touchgfx/hal/HAL.hpp:320:28:virtual touchgfx::BlitOperations touchgfx::HAL::getBlitCaps()	16	static
../Middlewares/ST/touchgfx/framework/include/touchgfx/hal/HAL.hpp:628:10:void touchgfx::HAL::vSync()	16	static
../Middlewares/ST/touchgfx/framework/include/touchgfx/hal/HAL.hpp:638:18:virtual void touchgfx::HAL::backPorchExited()	16	static
../Middlewares/ST/touchgfx/framework/include/touchgfx/hal/HAL.hpp:670:18:virtual bool touchgfx::HAL::sampleKey(uint8_t&)	16	static
../Middlewares/ST/touchgfx/framework/include/touchgfx/hal/HAL.hpp:720:18:virtual void touchgfx::HAL::setFrameBufferStartAddresses(void*, void*, void*)	24	static
../Middlewares/ST/touchgfx/framework/include/touchgfx/hal/HAL.hpp:737:18:virtual void touchgfx::HAL::setAnimationStorage(void*)	16	static
../Middlewares/ST/touchgfx/framework/include/touchgfx/hal/HAL.hpp:876:30:virtual touchgfx::FlashDataReader* touchgfx::HAL::getFlashDataReader() const	16	static
../Middlewares/ST/touchgfx/framework/include/touchgfx/hal/HAL.hpp:958:10:bool touchgfx::HAL::setFrameRefreshStrategy(touchgfx::HAL::FrameRefreshStrategy)	16	static
../Middlewares/ST/touchgfx/framework/include/touchgfx/hal/HAL.hpp:1009:10:void touchgfx::HAL::registerTaskDelayFunction(void (*)(uint16_t))	16	static
../Middlewares/ST/touchgfx/framework/include/touchgfx/hal/HAL.hpp:1025:18:virtual void touchgfx::HAL::taskDelay(uint16_t)	16	static
../Middlewares/ST/touchgfx/framework/include/touchgfx/hal/HAL.hpp:1063:21:virtual touchgfx::DMAType touchgfx::HAL::getDMAType()	16	static
../Middlewares/ST/touchgfx/framework/include/touchgfx/hal/HAL.hpp:1101:10:touchgfx::LCD* touchgfx::HAL::getAuxiliaryLCD()	16	static
../Middlewares/ST/touchgfx/framework/include/touchgfx/hal/HAL.hpp:1162:18:virtual void touchgfx::HAL::performDisplayOrientationChange()	24	static
../TouchGFX/target/generated/TouchGFXGeneratedHAL.hpp:106:18:virtual void TouchGFXGeneratedHAL::flushFrameBuffer()	16	static
../Middlewares/ST/touchgfx/framework/include/touchgfx/widgets/Widget.hpp:45:18:virtual void touchgfx::Widget::getLastChild(int16_t, int16_t, touchgfx::Drawable**)	24	static
../Middlewares/ST/touchgfx/framework/include/touchgfx/widgets/Widget.hpp:36:7:touchgfx::Widget::~Widget()	16	static
../Middlewares/ST/touchgfx/framework/include/touchgfx/widgets/Widget.hpp:36:7:virtual touchgfx::Widget::~Widget()	16	static
../Middlewares/ST/touchgfx/framework/include/touchgfx/hal/VectorRenderer.hpp:42:13:touchgfx::VectorRenderer::~VectorRenderer()	16	static
../Middlewares/ST/touchgfx/framework/include/touchgfx/hal/VectorRenderer.hpp:42:13:virtual touchgfx::VectorRenderer::~VectorRenderer()	16	static
../Middlewares/ST/touchgfx/framework/include/touchgfx/widgets/canvas/AbstractPainterColor.hpp:43:5:touchgfx::AbstractPainterColor::AbstractPainterColor(touchgfx::colortype)	16	static
../Middlewares/ST/touchgfx/framework/include/touchgfx/widgets/canvas/AbstractPainterColor.hpp:49:13:touchgfx::AbstractPainterColor::~AbstractPainterColor()	16	static
../Middlewares/ST/touchgfx/framework/include/touchgfx/widgets/canvas/AbstractPainterColor.hpp:49:13:virtual touchgfx::AbstractPainterColor::~AbstractPainterColor()	16	static
../Middlewares/ST/touchgfx/framework/include/touchgfx/widgets/canvas/AbstractPainterColor.hpp:58:18:virtual void touchgfx::AbstractPainterColor::setColor(touchgfx::colortype)	16	static
../Middlewares/ST/touchgfx/framework/include/touchgfx/widgets/canvas/AbstractPainter.hpp:44:5:touchgfx::AbstractPainter::AbstractPainter()	16	static
../Middlewares/ST/touchgfx/framework/include/touchgfx/widgets/canvas/AbstractPainter.hpp:50:13:touchgfx::AbstractPainter::~AbstractPainter()	16	static
../Middlewares/ST/touchgfx/framework/include/touchgfx/widgets/canvas/AbstractPainter.hpp:50:13:virtual touchgfx::AbstractPainter::~AbstractPainter()	16	static
../Middlewares/ST/touchgfx/framework/include/touchgfx/widgets/canvas/AbstractPainter.hpp:61:34:virtual touchgfx::HAL::RenderingMethod touchgfx::AbstractPainter::getRenderingMethod() const	16	static
../Middlewares/ST/touchgfx/framework/include/touchgfx/widgets/canvas/AbstractPainter.hpp:78:18:virtual bool touchgfx::AbstractPainter::setup(const touchgfx::Rect&) const	16	static
../Middlewares/ST/touchgfx/framework/include/touchgfx/widgets/canvas/AbstractPainter.hpp:90:18:virtual void touchgfx::AbstractPainter::tearDown() const	16	static
../Middlewares/ST/touchgfx/framework/include/touchgfx/widgets/canvas/AbstractPainterLinearGradient.hpp:37:5:touchgfx::AbstractPainterLinearGradient::AbstractPainterLinearGradient()	16	static
../Middlewares/ST/touchgfx/framework/include/touchgfx/widgets/canvas/AbstractPainterLinearGradient.hpp:44:13:touchgfx::AbstractPainterLinearGradient::~AbstractPainterLinearGradient()	16	static
../Middlewares/ST/touchgfx/framework/include/touchgfx/widgets/canvas/AbstractPainterLinearGradient.hpp:44:13:virtual touchgfx::AbstractPainterLinearGradient::~AbstractPainterLinearGradient()	16	static
../Middlewares/ST/touchgfx/framework/include/touchgfx/widgets/canvas/CanvasWidget.hpp:66:18:virtual void touchgfx::CanvasWidget::setAlpha(uint8_t)	16	static
../Middlewares/ST/touchgfx/framework/include/touchgfx/widgets/canvas/CanvasWidget.hpp:72:21:virtual uint8_t touchgfx::CanvasWidget::getAlpha() const	16	static
../Middlewares/ST/touchgfx/framework/include/touchgfx/widgets/canvas/CanvasWidget.hpp:118:18:virtual touchgfx::Rect touchgfx::CanvasWidget::getMinimalRect() const	32	static
../Middlewares/ST/touchgfx/framework/include/touchgfx/widgets/canvas/CanvasWidget.hpp:134:18:virtual touchgfx::Rect touchgfx::CanvasWidget::getSolidRect() const	16	static
../Middlewares/ST/touchgfx/framework/include/touchgfx/widgets/canvas/AbstractPainterRGB888.hpp:36:5:touchgfx::AbstractPainterRGB888::AbstractPainterRGB888()	24	static
../Middlewares/ST/touchgfx/framework/include/touchgfx/widgets/canvas/AbstractPainterRGB888.hpp:33:7:touchgfx::AbstractPainterRGB888::~AbstractPainterRGB888()	16	static
../Middlewares/ST/touchgfx/framework/include/touchgfx/widgets/canvas/AbstractPainterRGB888.hpp:33:7:virtual touchgfx::AbstractPainterRGB888::~AbstractPainterRGB888()	16	static
../Middlewares/ST/touchgfx/framework/include/touchgfx/widgets/canvas/PainterRGB888.hpp:42:5:touchgfx::PainterRGB888::PainterRGB888(touchgfx::colortype)	16	static
../Middlewares/ST/touchgfx/framework/include/touchgfx/widgets/canvas/PainterRGB888LinearGradient.hpp:36:13:touchgfx::PainterRGB888LinearGradient::~PainterRGB888LinearGradient()	16	static
../Middlewares/ST/touchgfx/framework/include/touchgfx/widgets/canvas/PainterRGB888LinearGradient.hpp:36:13:virtual touchgfx::PainterRGB888LinearGradient::~PainterRGB888LinearGradient()	16	static
../Middlewares/ST/touchgfx/framework/include/touchgfx/widgets/canvas/CWRVectorRenderer.hpp:64:18:virtual void touchgfx::CWRVectorRenderer::setMode(touchgfx::VectorRenderer::DrawMode)	16	static
../Middlewares/ST/touchgfx/framework/include/touchgfx/widgets/canvas/CWRVectorRenderer.hpp:69:18:virtual void touchgfx::CWRVectorRenderer::setStrokeMiterLimit(float)	16	static
../Middlewares/ST/touchgfx/framework/include/touchgfx/widgets/canvas/CWRVectorRenderer.hpp:74:18:virtual void touchgfx::CWRVectorRenderer::setStrokeLineJoin(touchgfx::VGStrokeLineJoin)	16	static
../Middlewares/ST/touchgfx/framework/include/touchgfx/widgets/canvas/CWRVectorRenderer.hpp:79:18:virtual void touchgfx::CWRVectorRenderer::setStrokeLineCap(touchgfx::VGStrokeLineCap)	16	static
../Middlewares/ST/touchgfx/framework/include/touchgfx/widgets/canvas/CWRVectorRenderer.hpp:191:22:virtual bool touchgfx::CWRVectorRenderer::CanvasWidgetProxy::drawCanvasWidget(const touchgfx::Rect&) const	16	static
../Middlewares/ST/touchgfx/framework/include/touchgfx/widgets/canvas/CWRVectorRenderer.hpp:328:44:virtual touchgfx::AbstractPainterLinearGradient& touchgfx::CWRVectorRendererRGB888::getLinearPainter()	16	static
../Middlewares/ST/touchgfx/framework/include/touchgfx/widgets/canvas/CWRVectorRenderer.hpp:333:35:virtual touchgfx::AbstractPainterColor& touchgfx::CWRVectorRendererRGB888::getColorPainterColor()	16	static
../Middlewares/ST/touchgfx/framework/include/touchgfx/widgets/canvas/CWRVectorRenderer.hpp:338:30:virtual touchgfx::AbstractPainter& touchgfx::CWRVectorRendererRGB888::getColorPainter()	16	static
../Middlewares/ST/touchgfx/framework/include/touchgfx/hal/VectorRenderer.hpp:38:7:constexpr touchgfx::VectorRenderer::VectorRenderer()	16	static
../Middlewares/ST/touchgfx/framework/include/touchgfx/widgets/canvas/CanvasWidget.hpp:33:7:touchgfx::CanvasWidget::~CanvasWidget()	16	static
../Middlewares/ST/touchgfx/framework/include/touchgfx/widgets/canvas/CanvasWidget.hpp:33:7:virtual touchgfx::CanvasWidget::~CanvasWidget()	16	static
../Middlewares/ST/touchgfx/framework/include/touchgfx/widgets/canvas/CWRVectorRenderer.hpp:189:11:touchgfx::CWRVectorRenderer::CanvasWidgetProxy::CanvasWidgetProxy()	16	static
../Middlewares/ST/touchgfx/framework/include/touchgfx/widgets/canvas/CWRVectorRenderer.hpp:42:7:touchgfx::CWRVectorRenderer::CWRVectorRenderer()	16	static
../Middlewares/ST/touchgfx/framework/include/touchgfx/widgets/canvas/CWRVectorRenderer.hpp:42:7:touchgfx::CWRVectorRenderer::~CWRVectorRenderer()	16	static
../Middlewares/ST/touchgfx/framework/include/touchgfx/widgets/canvas/CWRVectorRenderer.hpp:42:7:virtual touchgfx::CWRVectorRenderer::~CWRVectorRenderer()	16	static
../Middlewares/ST/touchgfx/framework/include/touchgfx/widgets/canvas/PainterRGB888LinearGradient.hpp:32:7:touchgfx::PainterRGB888LinearGradient::PainterRGB888LinearGradient()	16	static
../Middlewares/ST/touchgfx/framework/include/touchgfx/widgets/canvas/CWRVectorRenderer.hpp:326:7:touchgfx::CWRVectorRendererRGB888::CWRVectorRendererRGB888()	32	static
../TouchGFX/target/generated/TouchGFXGeneratedHAL.cpp:30:36:void __tcf_1()	8	static
../TouchGFX/target/generated/TouchGFXGeneratedHAL.cpp:28:17:static touchgfx::VectorRenderer* touchgfx::VectorRenderer::getInstance()	8	static
../Drivers/CMSIS/Include/core_cm7.h:1902:22:void __NVIC_EnableIRQ(IRQn_Type)	16	static,ignoring_inline_asm
../Drivers/CMSIS/Include/core_cm7.h:1940:22:void __NVIC_DisableIRQ(IRQn_Type)	16	static,ignoring_inline_asm
../Drivers/CMSIS/Include/core_cm7.h:2032:22:void __NVIC_SetPriority(IRQn_Type, uint32_t)	16	static
../TouchGFX/target/generated/TouchGFXGeneratedHAL.cpp:47:6:virtual void TouchGFXGeneratedHAL::initialize()	24	static
../TouchGFX/target/generated/TouchGFXGeneratedHAL.cpp:56:6:virtual void TouchGFXGeneratedHAL::configureInterrupts()	16	static
../TouchGFX/target/generated/TouchGFXGeneratedHAL.cpp:62:6:virtual void TouchGFXGeneratedHAL::enableInterrupts()	16	static
../TouchGFX/target/generated/TouchGFXGeneratedHAL.cpp:68:6:virtual void TouchGFXGeneratedHAL::disableInterrupts()	16	static
../TouchGFX/target/generated/TouchGFXGeneratedHAL.cpp:74:6:virtual void TouchGFXGeneratedHAL::enableLCDControllerInterrupt()	16	static
../TouchGFX/target/generated/TouchGFXGeneratedHAL.cpp:85:6:virtual bool TouchGFXGeneratedHAL::beginFrame()	16	static
../TouchGFX/target/generated/TouchGFXGeneratedHAL.cpp:90:6:virtual void TouchGFXGeneratedHAL::endFrame()	16	static
../TouchGFX/target/generated/TouchGFXGeneratedHAL.cpp:95:11:virtual uint16_t* TouchGFXGeneratedHAL::getTFTFrameBuffer() const	16	static
../TouchGFX/target/generated/TouchGFXGeneratedHAL.cpp:100:6:virtual void TouchGFXGeneratedHAL::setTFTFrameBuffer(uint16_t*)	16	static
../TouchGFX/target/generated/TouchGFXGeneratedHAL.cpp:108:6:virtual void TouchGFXGeneratedHAL::flushFrameBuffer(const touchgfx::Rect&)	16	static
../TouchGFX/target/generated/TouchGFXGeneratedHAL.cpp:113:6:virtual bool TouchGFXGeneratedHAL::blockCopy(void*, const void*, uint32_t)	24	static
../TouchGFX/target/generated/TouchGFXGeneratedHAL.cpp:118:10:virtual uint16_t TouchGFXGeneratedHAL::getTFTCurrentLine()	24	static
../TouchGFX/target/generated/TouchGFXGeneratedHAL.cpp:132:6:virtual void TouchGFXGeneratedHAL::InvalidateCache()	32	static,ignoring_inline_asm
../TouchGFX/target/generated/TouchGFXGeneratedHAL.cpp:144:6:virtual void TouchGFXGeneratedHAL::FlushCache()	32	static,ignoring_inline_asm
../TouchGFX/target/generated/TouchGFXGeneratedHAL.cpp:158:10:void HAL_LTDC_LineEventCallback(LTDC_HandleTypeDef*)	16	static
../Middlewares/ST/touchgfx/framework/include/touchgfx/widgets/canvas/CWRVectorRenderer.hpp:326:7:touchgfx::CWRVectorRendererRGB888::~CWRVectorRendererRGB888()	16	static
../Middlewares/ST/touchgfx/framework/include/touchgfx/widgets/canvas/CWRVectorRenderer.hpp:326:7:virtual touchgfx::CWRVectorRendererRGB888::~CWRVectorRendererRGB888()	16	static
../Middlewares/ST/touchgfx/framework/include/touchgfx/widgets/canvas/CWRVectorRenderer.hpp:189:11:touchgfx::CWRVectorRenderer::CanvasWidgetProxy::~CanvasWidgetProxy()	16	static
../Middlewares/ST/touchgfx/framework/include/touchgfx/widgets/canvas/CWRVectorRenderer.hpp:189:11:virtual touchgfx::CWRVectorRenderer::CanvasWidgetProxy::~CanvasWidgetProxy()	16	static
../TouchGFX/target/generated/TouchGFXGeneratedHAL.hpp:30:7:TouchGFXGeneratedHAL::~TouchGFXGeneratedHAL()	16	static
../TouchGFX/target/generated/TouchGFXGeneratedHAL.hpp:30:7:virtual TouchGFXGeneratedHAL::~TouchGFXGeneratedHAL()	16	static
../Middlewares/ST/touchgfx/framework/include/touchgfx/widgets/canvas/PainterRGB888.hpp:34:7:touchgfx::PainterRGB888::~PainterRGB888()	16	static
../Middlewares/ST/touchgfx/framework/include/touchgfx/widgets/canvas/PainterRGB888.hpp:34:7:virtual touchgfx::PainterRGB888::~PainterRGB888()	16	static
