../Core/Src/stm32h7xx_hal_msp.c:64:6:HAL_MspInit	16	static
../Core/Src/stm32h7xx_hal_msp.c:87:6:HAL_CRC_MspInit	24	static
../Core/Src/stm32h7xx_hal_msp.c:109:6:HAL_CRC_MspDeInit	16	static
../Core/Src/stm32h7xx_hal_msp.c:131:6:HAL_DMA2D_MspInit	24	static
../Core/Src/stm32h7xx_hal_msp.c:156:6:HAL_DMA2D_MspDeInit	16	static
../Core/Src/stm32h7xx_hal_msp.c:181:6:HAL_LTDC_MspInit	248	static
../Core/Src/stm32h7xx_hal_msp.c:285:6:HAL_LTDC_MspDeInit	16	static
../Core/Src/stm32h7xx_hal_msp.c:351:6:HAL_OSPI_MspInit	216	static
../Core/Src/stm32h7xx_hal_msp.c:385:6:HAL_OSPI_MspDeInit	16	static
../Core/Src/stm32h7xx_hal_msp.c:404:13:HAL_FMC_MspInit	232	static
../Core/Src/stm32h7xx_hal_msp.c:513:6:HAL_SDRAM_MspInit	16	static
../Core/Src/stm32h7xx_hal_msp.c:525:13:HAL_FMC_MspDeInit	8	static
../Core/Src/stm32h7xx_hal_msp.c:597:6:HAL_SDRAM_MspDeInit	16	static
